2025-05-26T15:08:18.4241004Z Current runner version: '2.324.0'
2025-05-26T15:08:18.4266585Z ##[group]Operating System
2025-05-26T15:08:18.4267368Z Ubuntu
2025-05-26T15:08:18.4267948Z 24.04.2
2025-05-26T15:08:18.4268419Z LTS
2025-05-26T15:08:18.4268882Z ##[endgroup]
2025-05-26T15:08:18.4269437Z ##[group]Runner Image
2025-05-26T15:08:18.4270035Z Image: ubuntu-24.04
2025-05-26T15:08:18.4270709Z Version: 20250511.1.0
2025-05-26T15:08:18.4271837Z Included Software: https://github.com/actions/runner-images/blob/ubuntu24/20250511.1/images/ubuntu/Ubuntu2404-Readme.md
2025-05-26T15:08:18.4273227Z Image Release: https://github.com/actions/runner-images/releases/tag/ubuntu24%2F20250511.1
2025-05-26T15:08:18.4274173Z ##[endgroup]
2025-05-26T15:08:18.4274724Z ##[group]Runner Image Provisioner
2025-05-26T15:08:18.4275333Z 2.0.437.1
2025-05-26T15:08:18.4275845Z ##[endgroup]
2025-05-26T15:08:18.4277048Z ##[group]GITHUB_TOKEN Permissions
2025-05-26T15:08:18.4278850Z Checks: write
2025-05-26T15:08:18.4279560Z Contents: read
2025-05-26T15:08:18.4280529Z Metadata: read
2025-05-26T15:08:18.4281256Z PullRequests: write
2025-05-26T15:08:18.4281787Z ##[endgroup]
2025-05-26T15:08:18.4284864Z Secret source: Actions
2025-05-26T15:08:18.4285606Z Prepare workflow directory
2025-05-26T15:08:18.4664386Z Prepare all required actions
2025-05-26T15:08:18.4701652Z Getting action download info
2025-05-26T15:08:18.7453129Z ##[group]Download immutable action package 'actions/checkout@v4'
2025-05-26T15:08:18.7454165Z Version: 4.2.2
2025-05-26T15:08:18.7455340Z Digest: sha256:ccb2698953eaebd21c7bf6268a94f9c26518a7e38e27e0b83c1fe1ad049819b1
2025-05-26T15:08:18.7456530Z Source commit SHA: 11bd71901bbe5b1630ceea73d27597364c9af683
2025-05-26T15:08:18.7457337Z ##[endgroup]
2025-05-26T15:08:18.8879470Z Complete job name: load-standards
2025-05-26T15:08:18.9592090Z ##[group]Run actions/checkout@v4
2025-05-26T15:08:18.9592958Z with:
2025-05-26T15:08:18.9593401Z   repository: TSGCFO/TsgFulfillmentRedesign
2025-05-26T15:08:18.9594141Z   token: ***
2025-05-26T15:08:18.9594539Z   ssh-strict: true
2025-05-26T15:08:18.9594966Z   ssh-user: git
2025-05-26T15:08:18.9595392Z   persist-credentials: true
2025-05-26T15:08:18.9595861Z   clean: true
2025-05-26T15:08:18.9596290Z   sparse-checkout-cone-mode: true
2025-05-26T15:08:18.9596789Z   fetch-depth: 1
2025-05-26T15:08:18.9597185Z   fetch-tags: false
2025-05-26T15:08:18.9597611Z   show-progress: true
2025-05-26T15:08:18.9598038Z   lfs: false
2025-05-26T15:08:18.9598428Z   submodules: false
2025-05-26T15:08:18.9598856Z   set-safe-directory: true
2025-05-26T15:08:18.9599498Z env:
2025-05-26T15:08:18.9599884Z   NODE_VERSION: 18
2025-05-26T15:08:18.9600465Z   REVIEW_TIMEOUT: 30
2025-05-26T15:08:18.9600945Z   CLAUDE_MODEL: claude-3-7-sonnet-20250219
2025-05-26T15:08:18.9601469Z ##[endgroup]
2025-05-26T15:08:19.1741070Z Syncing repository: TSGCFO/TsgFulfillmentRedesign
2025-05-26T15:08:19.1742940Z ##[group]Getting Git version info
2025-05-26T15:08:19.1744231Z Working directory is '/home/runner/work/TsgFulfillmentRedesign/TsgFulfillmentRedesign'
2025-05-26T15:08:19.1746115Z [command]/usr/bin/git version
2025-05-26T15:08:19.1847762Z git version 2.49.0
2025-05-26T15:08:19.1877114Z ##[endgroup]
2025-05-26T15:08:19.1893753Z Temporarily overriding HOME='/home/runner/work/_temp/99ecf542-3d80-478a-94b1-671a5236c25e' before making global git config changes
2025-05-26T15:08:19.1896113Z Adding repository directory to the temporary git global config as a safe directory
2025-05-26T15:08:19.1908664Z [command]/usr/bin/git config --global --add safe.directory /home/runner/work/TsgFulfillmentRedesign/TsgFulfillmentRedesign
2025-05-26T15:08:19.1947083Z Deleting the contents of '/home/runner/work/TsgFulfillmentRedesign/TsgFulfillmentRedesign'
2025-05-26T15:08:19.1951100Z ##[group]Initializing the repository
2025-05-26T15:08:19.1956350Z [command]/usr/bin/git init /home/runner/work/TsgFulfillmentRedesign/TsgFulfillmentRedesign
2025-05-26T15:08:19.2051549Z hint: Using 'master' as the name for the initial branch. This default branch name
2025-05-26T15:08:19.2053010Z hint: is subject to change. To configure the initial branch name to use in all
2025-05-26T15:08:19.2054256Z hint: of your new repositories, which will suppress this warning, call:
2025-05-26T15:08:19.2054941Z hint:
2025-05-26T15:08:19.2055448Z hint: 	git config --global init.defaultBranch <name>
2025-05-26T15:08:19.2056041Z hint:
2025-05-26T15:08:19.2057034Z hint: Names commonly chosen instead of 'master' are 'main', 'trunk' and
2025-05-26T15:08:19.2058604Z hint: 'development'. The just-created branch can be renamed via this command:
2025-05-26T15:08:19.2059824Z hint:
2025-05-26T15:08:19.2060645Z hint: 	git branch -m <name>
2025-05-26T15:08:19.2062079Z Initialized empty Git repository in /home/runner/work/TsgFulfillmentRedesign/TsgFulfillmentRedesign/.git/
2025-05-26T15:08:19.2073668Z [command]/usr/bin/git remote add origin https://github.com/TSGCFO/TsgFulfillmentRedesign
2025-05-26T15:08:19.2112622Z ##[endgroup]
2025-05-26T15:08:19.2113836Z ##[group]Disabling automatic garbage collection
2025-05-26T15:08:19.2118265Z [command]/usr/bin/git config --local gc.auto 0
2025-05-26T15:08:19.2148465Z ##[endgroup]
2025-05-26T15:08:19.2149691Z ##[group]Setting up auth
2025-05-26T15:08:19.2156706Z [command]/usr/bin/git config --local --name-only --get-regexp core\.sshCommand
2025-05-26T15:08:19.2188185Z [command]/usr/bin/git submodule foreach --recursive sh -c "git config --local --name-only --get-regexp 'core\.sshCommand' && git config --local --unset-all 'core.sshCommand' || :"
2025-05-26T15:08:19.2579141Z [command]/usr/bin/git config --local --name-only --get-regexp http\.https\:\/\/github\.com\/\.extraheader
2025-05-26T15:08:19.2611199Z [command]/usr/bin/git submodule foreach --recursive sh -c "git config --local --name-only --get-regexp 'http\.https\:\/\/github\.com\/\.extraheader' && git config --local --unset-all 'http.https://github.com/.extraheader' || :"
2025-05-26T15:08:19.2838150Z [command]/usr/bin/git config --local http.https://github.com/.extraheader AUTHORIZATION: basic ***
2025-05-26T15:08:19.2883532Z ##[endgroup]
2025-05-26T15:08:19.2884807Z ##[group]Fetching the repository
2025-05-26T15:08:19.2896613Z [command]/usr/bin/git -c protocol.version=2 fetch --no-tags --prune --no-recurse-submodules --depth=1 origin +91c01f2351257655d5889d25531ea40b3cf4df70:refs/remotes/origin/replit
2025-05-26T15:08:20.5145143Z From https://github.com/TSGCFO/TsgFulfillmentRedesign
2025-05-26T15:08:20.5147039Z  * [new ref]         91c01f2351257655d5889d25531ea40b3cf4df70 -> origin/replit
2025-05-26T15:08:20.5174567Z ##[endgroup]
2025-05-26T15:08:20.5176079Z ##[group]Determining the checkout info
2025-05-26T15:08:20.5177383Z ##[endgroup]
2025-05-26T15:08:20.5182071Z [command]/usr/bin/git sparse-checkout disable
2025-05-26T15:08:20.5226080Z [command]/usr/bin/git config --local --unset-all extensions.worktreeConfig
2025-05-26T15:08:20.5258638Z ##[group]Checking out the ref
2025-05-26T15:08:20.5263110Z [command]/usr/bin/git checkout --progress --force -B replit refs/remotes/origin/replit
2025-05-26T15:08:20.6479439Z Switched to a new branch 'replit'
2025-05-26T15:08:20.6481326Z branch 'replit' set up to track 'origin/replit'.
2025-05-26T15:08:20.6501857Z ##[endgroup]
2025-05-26T15:08:20.6538893Z [command]/usr/bin/git log -1 --format=%H
2025-05-26T15:08:20.6563003Z 91c01f2351257655d5889d25531ea40b3cf4df70
2025-05-26T15:08:20.6773605Z ##[group]Run if [ -f "claude.md" ]; then
2025-05-26T15:08:20.6775136Z [36;1mif [ -f "claude.md" ]; then[0m
2025-05-26T15:08:20.6776502Z [36;1m  # Read the entire claude.md file[0m
2025-05-26T15:08:20.6777932Z [36;1m  CLAUDE_CONTENT=$(cat claude.md)[0m
2025-05-26T15:08:20.6779215Z [36;1m  [0m
2025-05-26T15:08:20.6780155Z [36;1m  # Set multiline output[0m
2025-05-26T15:08:20.6781654Z [36;1m  echo "content<<EOF" >> $GITHUB_OUTPUT[0m
2025-05-26T15:08:20.6783152Z [36;1m  echo "$CLAUDE_CONTENT" >> $GITHUB_OUTPUT[0m
2025-05-26T15:08:20.6784607Z [36;1m  echo "EOF" >> $GITHUB_OUTPUT[0m
2025-05-26T15:08:20.6785851Z [36;1m  [0m
2025-05-26T15:08:20.6786889Z [36;1m  echo "✅ Found claude.md standards file"[0m
2025-05-26T15:08:20.6788490Z [36;1melse[0m
2025-05-26T15:08:20.6789720Z [36;1m  echo "⚠️ claude.md not found, using default standards"[0m
2025-05-26T15:08:20.6791469Z [36;1m  echo "content<<EOF" >> $GITHUB_OUTPUT[0m
2025-05-26T15:08:20.6792981Z [36;1m  cat << 'DEFAULT_STANDARDS' >> $GITHUB_OUTPUT[0m
2025-05-26T15:08:20.6794524Z [36;1m# TSG Fulfillment Services Default Standards[0m
2025-05-26T15:08:20.6795911Z [36;1m[0m
2025-05-26T15:08:20.6796780Z [36;1m## Brand Voice[0m
2025-05-26T15:08:20.6797920Z [36;1m- Professional yet approachable[0m
2025-05-26T15:08:20.6799241Z [36;1m- Customer-centric language[0m
2025-05-26T15:08:20.6800737Z [36;1m- Clear and concise communication[0m
2025-05-26T15:08:20.6802012Z [36;1m[0m
2025-05-26T15:08:20.6802925Z [36;1m## Content Guidelines[0m
2025-05-26T15:08:20.6804237Z [36;1m- Avoid superlatives without data backing[0m
2025-05-26T15:08:20.6805709Z [36;1m- Focus on value propositions[0m
2025-05-26T15:08:20.6807006Z [36;1m- Use active voice[0m
2025-05-26T15:08:20.6808258Z [36;1m- Maintain consistent terminology[0m
2025-05-26T15:08:20.6809539Z [36;1m[0m
2025-05-26T15:08:20.6810545Z [36;1m## SEO Requirements[0m
2025-05-26T15:08:20.6811798Z [36;1m- Include relevant keywords naturally[0m
2025-05-26T15:08:20.6813330Z [36;1m- Optimize meta descriptions (150-160 chars)[0m
2025-05-26T15:08:20.6814773Z [36;1m- Use descriptive headings[0m
2025-05-26T15:08:20.6816056Z [36;1m- Ensure mobile-friendly content[0m
2025-05-26T15:08:20.6817360Z [36;1mDEFAULT_STANDARDS[0m
2025-05-26T15:08:20.6818518Z [36;1m  echo "EOF" >> $GITHUB_OUTPUT[0m
2025-05-26T15:08:20.6819735Z [36;1mfi[0m
2025-05-26T15:08:20.7046029Z shell: /usr/bin/bash -e {0}
2025-05-26T15:08:20.7047256Z env:
2025-05-26T15:08:20.7048139Z   NODE_VERSION: 18
2025-05-26T15:08:20.7049111Z   REVIEW_TIMEOUT: 30
2025-05-26T15:08:20.7050189Z   CLAUDE_MODEL: claude-3-7-sonnet-20250219
2025-05-26T15:08:20.7051643Z ##[endgroup]
2025-05-26T15:08:20.7161863Z ⚠️ claude.md not found, using default standards
2025-05-26T15:08:20.7278761Z ##[group]Run # Validate that standards contain required sections
2025-05-26T15:08:20.7280843Z [36;1m# Validate that standards contain required sections[0m
2025-05-26T15:08:20.7283356Z [36;1mif grep -q "Brand Voice\|Content Guidelines\|SEO Requirements" <<< "# TSG Fulfillment Services Default Standards[0m
2025-05-26T15:08:20.7285560Z [36;1m[0m
2025-05-26T15:08:20.7286361Z [36;1m## Brand Voice[0m
2025-05-26T15:08:20.7287414Z [36;1m- Professional yet approachable[0m
2025-05-26T15:08:20.7288675Z [36;1m- Customer-centric language[0m
2025-05-26T15:08:20.7289897Z [36;1m- Clear and concise communication[0m
2025-05-26T15:08:20.7291175Z [36;1m[0m
2025-05-26T15:08:20.7291995Z [36;1m## Content Guidelines[0m
2025-05-26T15:08:20.7293201Z [36;1m- Avoid superlatives without data backing[0m
2025-05-26T15:08:20.7294558Z [36;1m- Focus on value propositions[0m
2025-05-26T15:08:20.7295740Z [36;1m- Use active voice[0m
2025-05-26T15:08:20.7296888Z [36;1m- Maintain consistent terminology[0m
2025-05-26T15:08:20.7298079Z [36;1m[0m
2025-05-26T15:08:20.7298950Z [36;1m## SEO Requirements[0m
2025-05-26T15:08:20.7300080Z [36;1m- Include relevant keywords naturally[0m
2025-05-26T15:08:20.7301629Z [36;1m- Optimize meta descriptions (150-160 chars)[0m
2025-05-26T15:08:20.7302956Z [36;1m- Use descriptive headings[0m
2025-05-26T15:08:20.7304194Z [36;1m- Ensure mobile-friendly content"; then[0m
2025-05-26T15:08:20.7305540Z [36;1m  echo "valid=true" >> $GITHUB_OUTPUT[0m
2025-05-26T15:08:20.7306785Z [36;1melse[0m
2025-05-26T15:08:20.7307720Z [36;1m  echo "valid=false" >> $GITHUB_OUTPUT[0m
2025-05-26T15:08:20.7308904Z [36;1mfi[0m
2025-05-26T15:08:20.7363192Z shell: /usr/bin/bash -e {0}
2025-05-26T15:08:20.7364203Z env:
2025-05-26T15:08:20.7364980Z   NODE_VERSION: 18
2025-05-26T15:08:20.7365859Z   REVIEW_TIMEOUT: 30
2025-05-26T15:08:20.7366857Z   CLAUDE_MODEL: claude-3-7-sonnet-20250219
2025-05-26T15:08:20.7368027Z ##[endgroup]
2025-05-26T15:08:20.7728914Z Post job cleanup.
2025-05-26T15:08:20.8679949Z [command]/usr/bin/git version
2025-05-26T15:08:20.8715834Z git version 2.49.0
2025-05-26T15:08:20.8759276Z Temporarily overriding HOME='/home/runner/work/_temp/8e2c0695-5f66-4c04-a637-c84847638e0d' before making global git config changes
2025-05-26T15:08:20.8762564Z Adding repository directory to the temporary git global config as a safe directory
2025-05-26T15:08:20.8766933Z [command]/usr/bin/git config --global --add safe.directory /home/runner/work/TsgFulfillmentRedesign/TsgFulfillmentRedesign
2025-05-26T15:08:20.8806436Z [command]/usr/bin/git config --local --name-only --get-regexp core\.sshCommand
2025-05-26T15:08:20.8839055Z [command]/usr/bin/git submodule foreach --recursive sh -c "git config --local --name-only --get-regexp 'core\.sshCommand' && git config --local --unset-all 'core.sshCommand' || :"
2025-05-26T15:08:20.9069995Z [command]/usr/bin/git config --local --name-only --get-regexp http\.https\:\/\/github\.com\/\.extraheader
2025-05-26T15:08:20.9095342Z http.https://github.com/.extraheader
2025-05-26T15:08:20.9108565Z [command]/usr/bin/git config --local --unset-all http.https://github.com/.extraheader
2025-05-26T15:08:20.9141284Z [command]/usr/bin/git submodule foreach --recursive sh -c "git config --local --name-only --get-regexp 'http\.https\:\/\/github\.com\/\.extraheader' && git config --local --unset-all 'http.https://github.com/.extraheader' || :"
2025-05-26T15:08:20.9486383Z Evaluate and set job outputs
2025-05-26T15:08:20.9499883Z Set output 'standards-content'
2025-05-26T15:08:20.9503053Z Set output 'config-valid'
2025-05-26T15:08:20.9505283Z Cleaning up orphan processes
